../Core/Src/main.c:117:5:main	1
../Core/Src/main.c:218:6:SystemClock_Config	4
../Core/Src/main.c:279:13:MX_DFSDM1_Init	4
../Core/Src/main.c:332:13:MX_I2C1_Init	4
../Core/Src/main.c:380:13:MX_QUADSPI_Init	2
../Core/Src/main.c:413:13:MX_SPI1_Init	2
../Core/Src/main.c:453:13:MX_TIM2_Init	4
../Core/Src/main.c:498:13:MX_USART2_UART_Init	2
../Core/Src/main.c:533:13:MX_USART3_UART_Init	2
../Core/Src/main.c:568:13:MX_USB_OTG_FS_PCD_Init	2
../Core/Src/main.c:601:13:MX_DMA_Init	1
../Core/Src/main.c:619:13:MX_GPIO_Init	1
../Core/Src/main.c:775:6:Record_Callback	1
../Core/Src/main.c:791:6:StartFilter	3
../Core/Src/main.c:829:6:StartSendByWifi	1
../Core/Src/main.c:863:6:HAL_TIM_PeriodElapsedCallback	2
../Core/Src/main.c:881:6:Error_Handler	1
