../Core/Src/main.c:117:5:main	8	static
../Core/Src/main.c:218:6:SystemClock_Config	96	static
../Core/Src/main.c:279:13:MX_DFSDM1_Init	8	static
../Core/Src/main.c:332:13:MX_I2C1_Init	8	static
../Core/Src/main.c:380:13:MX_QUADSPI_Init	8	static
../Core/Src/main.c:413:13:MX_SPI1_Init	8	static
../Core/Src/main.c:453:13:MX_TIM2_Init	40	static
../Core/Src/main.c:498:13:MX_USART2_UART_Init	8	static
../Core/Src/main.c:533:13:MX_USART3_UART_Init	8	static
../Core/Src/main.c:568:13:MX_USB_OTG_FS_PCD_Init	8	static
../Core/Src/main.c:601:13:MX_DMA_Init	16	static
../Core/Src/main.c:619:13:MX_GPIO_Init	48	static
../Core/Src/main.c:775:6:Record_Callback	8	static
../Core/Src/main.c:791:6:StartFilter	80	static
../Core/Src/main.c:829:6:StartSendByWifi	64	static
../Core/Src/main.c:863:6:HAL_TIM_PeriodElapsedCallback	16	static
../Core/Src/main.c:881:6:Error_Handler	4	static,ignoring_inline_asm
